﻿
> build
> vite build

[90m[[90mnitro:vercel[90m][39m [36mΓä╣[39m Using [36mnodejs24.x[39m runtime.
[90m[[90mnitro:vercel[90m][39m [36mΓä╣[39m Using [36mweb[39m entry format.
node.exe : [33mThe plugin "vite-tsconfig-paths" is detected. Vite now 
supports tsconfig paths resolution natively via the 
[1mresolve.tsconfigPaths[22m option. You can remove the plugin and set 
[1mresolve.tsconfigPaths: true[22m in your Vite config instead.[39m
At line:1 char:1
+ & "C:\Program Files\nodejs/node.exe" "C:\Program Files\nodejs/node_mo ...
+ ~~~~~~~~~~~~~~~~~~~~~~~~~~~~~~~~~~~~~~~~~~~~~~~~~~~~~~~~~~~~~~~~~~~~~
    + CategoryInfo          : NotSpecified: ([33mThe plugin...g instead.[39m 
   :String) [], RemoteException
    + FullyQualifiedErrorId : NativeCommandError
 
[36mvite v8.1.3 [32mbuilding client environment for production...[36m[39m
[2K
transforming...Γ£ô 1903 modules transformed.
rendering chunks...
computing gzip size...
.vercel/output/static/assets/styles-NUvp--s5.css           106.93 kB Γöé gzip:  16.34 kB
.vercel/output/static/assets/arrow-right-x1QvxpNl.js         0.16 kB Γöé gzip:   0.16 kB
.vercel/output/static/assets/chevron-right-DbDoHs_-.js       0.20 kB Γöé gzip:   0.17 kB
.vercel/output/static/assets/beaker-DWQ9Zs4M.js              0.22 kB Γöé gzip:   0.18 kB
.vercel/output/static/assets/wrench-BbAWkrTK.js              0.30 kB Γöé gzip:   0.23 kB
.vercel/output/static/assets/Reveal-DMCV90pd.js              0.59 kB Γöé gzip:   0.39 kB
.vercel/output/static/assets/StatCounter-BB4HN-1O.js         0.88 kB Γöé gzip:   0.58 kB
.vercel/output/static/assets/useMatch-DHUhGikW.js            1.26 kB Γöé gzip:   0.68 kB
.vercel/output/static/assets/products-Bbbg8m1W.js            3.19 kB Γöé gzip:   1.27 kB
.vercel/output/static/assets/testing-AV5nNYvn.js             4.37 kB Γöé gzip:   1.52 kB
.vercel/output/static/assets/products._slug-DOfYIb0s.js      5.36 kB Γöé gzip:   1.69 kB
.vercel/output/static/assets/testing._slug-DaqSNjwZ.js       6.02 kB Γöé gzip:   1.82 kB
.vercel/output/static/assets/contact-us-CPBqux1j.js          8.86 kB Γöé gzip:   2.81 kB
.vercel/output/static/assets/createLucideIcon-B4jqqaQH.js    9.53 kB Γöé gzip:   3.76 kB
.vercel/output/static/assets/about-us-Cb9vWRs4.js           11.28 kB Γöé gzip:   3.55 kB
.vercel/output/static/assets/routes-B-RXSDjh.js             23.88 kB Γöé gzip:   6.84 kB
.vercel/output/static/assets/link-Cy6Edvkj.js               26.79 kB Γöé gzip:   9.83 kB
.vercel/output/static/assets/index-BIfoV2sc.js             345.63 kB Γöé gzip: 106.56 kB

[32mΓ£ô built in 1.33s[39m
[36mvite v8.1.3 [32mbuilding ssr environment for production...[36m[39m
[2K
transforming...Γ£ô 78 modules transformed.
rendering chunks...
computing gzip size...
node_modules/.nitro/vite/services/ssr/assets/styles-NUvp--s5.css                     106.93 kB Γöé gzip: 16.34 kB
node_modules/.nitro/vite/services/ssr/assets/empty-plugin-adapters-D9UWiqvJ.js         0.22 kB Γöé gzip:  0.16 kB
node_modules/.nitro/vite/services/ssr/assets/start-Ok9K6Nid.js                         0.64 kB Γöé gzip:  0.39 kB
node_modules/.nitro/vite/services/ssr/assets/Reveal-B5RqkReU.js                        0.85 kB Γöé gzip:  0.49 kB
node_modules/.nitro/vite/services/ssr/assets/testing._slug-Dhxv99Ga.js                 0.90 kB Γöé gzip:  0.45 kB
node_modules/.nitro/vite/services/ssr/assets/products._slug-Ceamsedy.js                0.90 kB Γöé gzip:  0.44 kB
node_modules/.nitro/vite/services/ssr/assets/StatCounter-487dagxc.js                   0.98 kB Γöé gzip:  0.53 kB
node_modules/.nitro/vite/services/ssr/assets/createStart-Dt05N14y.js                   1.65 kB Γöé gzip:  0.57 kB
node_modules/.nitro/vite/services/ssr/assets/_tanstack-start-manifest_v-BGO8M8oJ.js    2.60 kB Γöé gzip:  0.68 kB
node_modules/.nitro/vite/services/ssr/index.js                                         3.41 kB Γöé gzip:  1.46 kB
node_modules/.nitro/vite/services/ssr/assets/products-CE1mW2cz.js                      4.22 kB Γöé gzip:  1.49 kB
node_modules/.nitro/vite/services/ssr/assets/testing-C3ILbLsd.js                       6.06 kB Γöé gzip:  1.82 kB
node_modules/.nitro/vite/services/ssr/assets/products._slug-BJ-6JkeL.js                7.92 kB Γöé gzip:  2.05 kB
node_modules/.nitro/vite/services/ssr/assets/products-DRThLdRL.js                      8.70 kB Γöé gzip:  2.75 kB
node_modules/.nitro/vite/services/ssr/assets/testing._slug-BHPpQVhY.js                 8.97 kB Γöé gzip:  2.25 kB
node_modules/.nitro/vite/services/ssr/assets/testing-DVrxKiIT.js                      10.68 kB Γöé gzip:  3.02 kB
node_modules/.nitro/vite/services/ssr/assets/contact-us-G6dvCt9w.js                   11.42 kB Γöé gzip:  2.81 kB
node_modules/.nitro/vite/services/ssr/assets/about-us-DXDoYt72.js                     12.79 kB Γöé gzip:  3.33 kB
node_modules/.nitro/vite/services/ssr/assets/routes-DpQrcVsM.js                       26.99 kB Γöé gzip:  6.18 kB
node_modules/.nitro/vite/services/ssr/assets/router-Cw1QjNgb.js                       34.29 kB Γöé gzip:  7.41 kB
node_modules/.nitro/vite/services/ssr/assets/server-DwGMD11V.js                       58.72 kB Γöé gzip: 15.12 kB

[32mΓ£ô built in 538ms[39m

[90m[[90mnitro[90m][39m [35mΓùÉ[39m Building [[35mNitro[39m] [2m(preset: [36mvercel[39m, compatibility: [36m2026-07-02[39m)[22m
[90m[[90mnitro[90m][39m [32mΓ£ö[39m Generated public [36m.vercel/output/static[39m
[36mvite v8.1.3 [32mbuilding nitro environment for production...[36m[39m
[2K
transforming...Γ£ô 1915 modules transformed.
rendering chunks...
computing gzip size...
.vercel/output/functions/__server.func/_ssr/empty-plugin-adapters-D9UWiqvJ.mjs    0.23 kB Γöé gzip:   0.16 kB
.vercel/output/functions/__server.func/_chunks/ssr-renderer.mjs                   0.60 kB Γöé gzip:   0.36 kB
.vercel/output/functions/__server.func/_ssr/start-Ok9K6Nid.mjs                    0.69 kB Γöé gzip:   0.42 kB
.vercel/output/functions/__server.func/_ssr/testing._slug-Dhxv99Ga.mjs            0.98 kB Γöé gzip:   0.50 kB
.vercel/output/functions/__server.func/_ssr/products._slug-Ceamsedy.mjs           0.98 kB Γöé gzip:   0.49 kB
.vercel/output/functions/__server.func/_ssr/Reveal-B5RqkReU.mjs                   1.13 kB Γöé gzip:   0.60 kB
.vercel/output/functions/__server.func/_runtime.mjs                               1.27 kB Γöé gzip:   0.64 kB
.vercel/output/functions/__server.func/_ssr/StatCounter-487dagxc.mjs              1.27 kB Γöé gzip:   0.64 kB
.vercel/output/functions/__server.func/_ssr/createStart-Dt05N14y.mjs              1.56 kB Γöé gzip:   0.57 kB
.vercel/output/functions/__server.func/_tanstack-start-manifest_v-BGO8M8oJ.mjs    2.65 kB Γöé gzip:   0.71 kB
.vercel/output/functions/__server.func/_ssr/ssr.mjs                               3.34 kB Γöé gzip:   1.46 kB
.vercel/output/functions/__server.func/_ssr/products-CE1mW2cz.mjs                 5.07 kB Γöé gzip:   1.58 kB
.vercel/output/functions/__server.func/index.mjs                                  7.21 kB Γöé gzip:   2.58 kB
.vercel/output/functions/__server.func/_ssr/testing-C3ILbLsd.mjs                  7.27 kB Γöé gzip:   1.92 kB
.vercel/output/functions/__server.func/_ssr/products-DRThLdRL.mjs                 8.74 kB Γöé gzip:   2.78 kB
.vercel/output/functions/__server.func/_ssr/products._slug-BJ-6JkeL.mjs           9.53 kB Γöé gzip:   2.15 kB
.vercel/output/functions/__server.func/_libs/h3-v2.mjs                            9.62 kB Γöé gzip:   2.98 kB
.vercel/output/functions/__server.func/_ssr/testing-DVrxKiIT.mjs                 10.73 kB Γöé gzip:   3.05 kB
.vercel/output/functions/__server.func/_ssr/testing._slug-BHPpQVhY.mjs           10.79 kB Γöé gzip:   2.34 kB
.vercel/output/functions/__server.func/_libs/tanstack__history.mjs               12.09 kB Γöé gzip:   3.48 kB
.vercel/output/functions/__server.func/_ssr/contact-us-G6dvCt9w.mjs              13.34 kB Γöé gzip:   2.94 kB
.vercel/output/functions/__server.func/_ssr/about-us-DXDoYt72.mjs                14.78 kB Γöé gzip:   3.44 kB
.vercel/output/functions/__server.func/_libs/react+tanstack__react-query.mjs     17.50 kB Γöé gzip:   4.63 kB
.vercel/output/functions/__server.func/_libs/lucide-react.mjs                    21.58 kB Γöé gzip:   4.84 kB
.vercel/output/functions/__server.func/_libs/h3+rou3+srvx.mjs                    22.43 kB Γöé gzip:   6.09 kB
.vercel/output/functions/__server.func/_ssr/routes-DpQrcVsM.mjs                  30.71 kB Γöé gzip:   6.34 kB
.vercel/output/functions/__server.func/_ssr/router-Cw1QjNgb.mjs                  37.97 kB Γöé gzip:   7.51 kB
.vercel/output/functions/__server.func/_libs/tanstack__query-core.mjs            47.96 kB Γöé gzip:  10.65 kB
.vercel/output/functions/__server.func/_ssr/server-DwGMD11V.mjs                  56.86 kB Γöé gzip:  14.92 kB
.vercel/output/functions/__server.func/_libs/@tanstack/router-core+[...].mjs     79.23 kB Γöé gzip:  19.92 kB
.vercel/output/functions/__server.func/_libs/@tanstack/react-router+[...].mjs   670.24 kB Γöé gzip: 140.47 kB

[32mΓ£ô built in 639ms[39m
[36mΓä╣[39m Generated [36m.vercel/output/nitro.json[39m

[90m[[90mnitro[90m][39m [32mΓ£ö[39m You can preview this build using [36mnpx vite preview[39m
[90m[[90mnitro[90m][39m [32mΓ£ö[39m You can deploy this build using [36mnpx nitro deploy --prebuilt[39m
